
> Build error occurred
[TypeError: generate is not a function]
